// Jest Snapshot v1, https://goo.gl/fbAQLP

exports[`<Hero /> Should render and match the snapshot 1`] = `
<div
  class="makeStyles-hero-72"
>
  <h1
    class="makeStyles-title-73"
  >
    <span>
      WEB DESIGN & MOBILE APP DEVELOPMENT
    </span>
  </h1>
  <p
    class="makeStyles-subTitle-74"
  >
    <span>
      Specializing in custom web and mobile app development. If you're
    a business seeking a web presence or looking to hire, contact us
    
    </span>
    <a
      class="MuiTypography-root MuiLink-root MuiLink-underlineHover makeStyles-contact-75 MuiTypography-colorPrimary"
      href="#contact"
    >
      <span>
        here.
      </span>
    </a>
  </p>
  <a
    aria-disabled="false"
    class="MuiButtonBase-root MuiButton-root makeStyles-start-76 MuiButton-contained MuiButton-containedSecondary MuiButton-sizeLarge"
    href="#pricing"
    tabindex="0"
  >
    <span
      class="MuiButton-label"
    >
      <span>
        Get started
      </span>
    </span>
    <span
      class="MuiTouchRipple-root"
    />
  </a>
</div>
`;
