// Jest Snapshot v1, https://goo.gl/fbAQLP

exports[`<ContactForm /> Should render and match the snapshot 1`] = `
<h1
  class="makeStyles-contactTitle-212"
>
  Get in touch
</h1>
`;
